MemTotal:        3039252 kB
MemFree:          288536 kB
MemAvailable:    1438184 kB
Buffers:          106820 kB
Cached:          1389916 kB
SwapCached:        16152 kB
Active:          1247972 kB
Inactive:         948784 kB
Active(anon):     241588 kB
Inactive(anon):   488104 kB
Active(file):    1006384 kB
Inactive(file):   460680 kB
Unevictable:       10204 kB
Mlocked:           10204 kB
SwapTotal:       2279432 kB
SwapFree:        1925896 kB
Dirty:             99960 kB
Writeback:             0 kB
AnonPages:        697512 kB
Mapped:           754404 kB
Shmem:             20432 kB
KReclaimable:      86772 kB
Slab:             212720 kB
SReclaimable:      86772 kB
SUnreclaim:       125948 kB
KernelStack:       31136 kB
ShadowCallStack:    7764 kB
PageTables:        63540 kB
NFS_Unstable:          0 kB
Bounce:                0 kB
WritebackTmp:          0 kB
CommitLimit:     3799056 kB
Committed_AS:   54033168 kB
VmallocTotal:   259653632 kB
VmallocUsed:       62596 kB
VmallocChunk:          0 kB
Percpu:             4336 kB
AnonHugePages:         0 kB
ShmemHugePages:        0 kB
ShmemPmdMapped:        0 kB
FileHugePages:         0 kB
FilePmdMapped:         0 kB
CmaTotal:          16384 kB
CmaFree:               0 kB
