MemTotal:        3039252 kB
MemFree:          319676 kB
MemAvailable:    1385060 kB
Buffers:           76404 kB
Cached:          1331112 kB
SwapCached:        16240 kB
Active:          1067708 kB
Inactive:        1120672 kB
Active(anon):     206412 kB
Inactive(anon):   598412 kB
Active(file):     861296 kB
Inactive(file):   522260 kB
Unevictable:       10204 kB
Mlocked:           10204 kB
SwapTotal:       2279432 kB
SwapFree:        1971464 kB
Dirty:             99820 kB
Writeback:            52 kB
AnonPages:        778396 kB
Mapped:           878272 kB
Shmem:             14736 kB
KReclaimable:      85264 kB
Slab:             212256 kB
SReclaimable:      85264 kB
SUnreclaim:       126992 kB
KernelStack:       31616 kB
ShadowCallStack:    7900 kB
PageTables:        65112 kB
NFS_Unstable:          0 kB
Bounce:                0 kB
WritebackTmp:          0 kB
CommitLimit:     3799056 kB
Committed_AS:   55373108 kB
VmallocTotal:   259653632 kB
VmallocUsed:       63104 kB
VmallocChunk:          0 kB
Percpu:             4336 kB
AnonHugePages:         0 kB
ShmemHugePages:        0 kB
ShmemPmdMapped:        0 kB
FileHugePages:         0 kB
FilePmdMapped:         0 kB
CmaTotal:          16384 kB
CmaFree:               0 kB
