MemTotal:        3039252 kB
MemFree:          234300 kB
MemAvailable:    1429252 kB
Buffers:          108424 kB
Cached:          1434164 kB
SwapCached:        16444 kB
Active:          1328936 kB
Inactive:         951124 kB
Active(anon):     207292 kB
Inactive(anon):   559244 kB
Active(file):    1121644 kB
Inactive(file):   391880 kB
Unevictable:       10204 kB
Mlocked:           10204 kB
SwapTotal:       2279432 kB
SwapFree:        1937672 kB
Dirty:            100532 kB
Writeback:             0 kB
AnonPages:        734864 kB
Mapped:           923524 kB
Shmem:             19840 kB
KReclaimable:      84460 kB
Slab:             212692 kB
SReclaimable:      84460 kB
SUnreclaim:       128232 kB
KernelStack:       33816 kB
ShadowCallStack:    8460 kB
PageTables:        66768 kB
NFS_Unstable:          0 kB
Bounce:                0 kB
WritebackTmp:          0 kB
CommitLimit:     3799056 kB
Committed_AS:   57529164 kB
VmallocTotal:   259653632 kB
VmallocUsed:       65832 kB
VmallocChunk:          0 kB
Percpu:             4336 kB
AnonHugePages:         0 kB
ShmemHugePages:        0 kB
ShmemPmdMapped:        0 kB
FileHugePages:         0 kB
FilePmdMapped:         0 kB
CmaTotal:          16384 kB
CmaFree:              32 kB
