MemTotal:        3039252 kB
MemFree:          272100 kB
MemAvailable:    1417872 kB
Buffers:          106496 kB
Cached:          1387348 kB
SwapCached:        16388 kB
Active:          1334700 kB
Inactive:         874960 kB
Active(anon):     231000 kB
Inactive(anon):   514256 kB
Active(file):    1103700 kB
Inactive(file):   360704 kB
Unevictable:       10204 kB
Mlocked:           10204 kB
SwapTotal:       2279432 kB
SwapFree:        1929480 kB
Dirty:             99968 kB
Writeback:             0 kB
AnonPages:        713284 kB
Mapped:           862364 kB
Shmem:             20216 kB
KReclaimable:      84344 kB
Slab:             211552 kB
SReclaimable:      84344 kB
SUnreclaim:       127208 kB
KernelStack:       32976 kB
ShadowCallStack:    8240 kB
PageTables:        64336 kB
NFS_Unstable:          0 kB
Bounce:                0 kB
WritebackTmp:          0 kB
CommitLimit:     3799056 kB
Committed_AS:   54995040 kB
VmallocTotal:   259653632 kB
VmallocUsed:       64796 kB
VmallocChunk:          0 kB
Percpu:             4336 kB
AnonHugePages:         0 kB
ShmemHugePages:        0 kB
ShmemPmdMapped:        0 kB
FileHugePages:         0 kB
FilePmdMapped:         0 kB
CmaTotal:          16384 kB
CmaFree:               0 kB
