MemTotal:        3039252 kB
MemFree:          167760 kB
MemAvailable:    1356256 kB
Buffers:           70576 kB
Cached:          1459108 kB
SwapCached:        16036 kB
Active:          1071152 kB
Inactive:        1254772 kB
Active(anon):     185836 kB
Inactive(anon):   633700 kB
Active(file):     885316 kB
Inactive(file):   621072 kB
Unevictable:       10204 kB
Mlocked:           10204 kB
SwapTotal:       2279432 kB
SwapFree:        1998344 kB
Dirty:             99972 kB
Writeback:             8 kB
AnonPages:        794036 kB
Mapped:           860592 kB
Shmem:             14072 kB
KReclaimable:      85824 kB
Slab:             214736 kB
SReclaimable:      85824 kB
SUnreclaim:       128912 kB
KernelStack:       32272 kB
ShadowCallStack:    8088 kB
PageTables:        67316 kB
NFS_Unstable:          0 kB
Bounce:                0 kB
WritebackTmp:          0 kB
CommitLimit:     3799056 kB
Committed_AS:   57986620 kB
VmallocTotal:   259653632 kB
VmallocUsed:       63988 kB
VmallocChunk:          0 kB
Percpu:             4336 kB
AnonHugePages:         0 kB
ShmemHugePages:        0 kB
ShmemPmdMapped:        0 kB
FileHugePages:         0 kB
FilePmdMapped:         0 kB
CmaTotal:          16384 kB
CmaFree:               0 kB
