MemTotal:        3039252 kB
MemFree:          151752 kB
MemAvailable:    1397556 kB
Buffers:           54624 kB
Cached:          1526892 kB
SwapCached:         8028 kB
Active:          1040524 kB
Inactive:        1322404 kB
Active(anon):     146496 kB
Inactive(anon):   653804 kB
Active(file):     894028 kB
Inactive(file):   668600 kB
Unevictable:       10204 kB
Mlocked:           10204 kB
SwapTotal:       2279432 kB
SwapFree:        1990664 kB
Dirty:             99696 kB
Writeback:            12 kB
AnonPages:        787256 kB
Mapped:           869688 kB
Shmem:              9660 kB
KReclaimable:      87956 kB
Slab:             215416 kB
SReclaimable:      87956 kB
SUnreclaim:       127460 kB
KernelStack:       30040 kB
ShadowCallStack:    7496 kB
PageTables:        63756 kB
NFS_Unstable:          0 kB
Bounce:                0 kB
WritebackTmp:          0 kB
CommitLimit:     3799056 kB
Committed_AS:   54381600 kB
VmallocTotal:   259653632 kB
VmallocUsed:       61188 kB
VmallocChunk:          0 kB
Percpu:             4336 kB
AnonHugePages:         0 kB
ShmemHugePages:        0 kB
ShmemPmdMapped:        0 kB
FileHugePages:         0 kB
FilePmdMapped:         0 kB
CmaTotal:          16384 kB
CmaFree:              40 kB
