MemTotal:        3039252 kB
MemFree:          363716 kB
MemAvailable:    1416380 kB
Buffers:          106252 kB
Cached:          1294508 kB
SwapCached:        16096 kB
Active:          1212824 kB
Inactive:         935556 kB
Active(anon):     230720 kB
Inactive(anon):   546364 kB
Active(file):     982104 kB
Inactive(file):   389192 kB
Unevictable:       10204 kB
Mlocked:           10204 kB
SwapTotal:       2279432 kB
SwapFree:        1928968 kB
Dirty:             99684 kB
Writeback:             0 kB
AnonPages:        745660 kB
Mapped:           875432 kB
Shmem:             20060 kB
KReclaimable:      84344 kB
Slab:             211996 kB
SReclaimable:      84344 kB
SUnreclaim:       127652 kB
KernelStack:       32680 kB
ShadowCallStack:    8196 kB
PageTables:        65572 kB
NFS_Unstable:          0 kB
Bounce:                0 kB
WritebackTmp:          0 kB
CommitLimit:     3799056 kB
Committed_AS:   56256108 kB
VmallocTotal:   259653632 kB
VmallocUsed:       64464 kB
VmallocChunk:          0 kB
Percpu:             4336 kB
AnonHugePages:         0 kB
ShmemHugePages:        0 kB
ShmemPmdMapped:        0 kB
FileHugePages:         0 kB
FilePmdMapped:         0 kB
CmaTotal:          16384 kB
CmaFree:               0 kB
