MemTotal:        3039252 kB
MemFree:          302152 kB
MemAvailable:    1449360 kB
Buffers:          106804 kB
Cached:          1388380 kB
SwapCached:        16392 kB
Active:          1343624 kB
Inactive:         860684 kB
Active(anon):     230996 kB
Inactive(anon):   507476 kB
Active(file):    1112628 kB
Inactive(file):   353208 kB
Unevictable:       10204 kB
Mlocked:           10204 kB
SwapTotal:       2279432 kB
SwapFree:        1929480 kB
Dirty:             99628 kB
Writeback:             0 kB
AnonPages:        706704 kB
Mapped:           805560 kB
Shmem:             20124 kB
KReclaimable:      84348 kB
Slab:             210680 kB
SReclaimable:      84348 kB
SUnreclaim:       126332 kB
KernelStack:       30888 kB
ShadowCallStack:    7728 kB
PageTables:        62648 kB
NFS_Unstable:          0 kB
Bounce:                0 kB
WritebackTmp:          0 kB
CommitLimit:     3799056 kB
Committed_AS:   52755032 kB
VmallocTotal:   259653632 kB
VmallocUsed:       62188 kB
VmallocChunk:          0 kB
Percpu:             4336 kB
AnonHugePages:         0 kB
ShmemHugePages:        0 kB
ShmemPmdMapped:        0 kB
FileHugePages:         0 kB
FilePmdMapped:         0 kB
CmaTotal:          16384 kB
CmaFree:               0 kB
